e_mail.mandemais@gmail.com
e_mail-interessante@fee.unicamp.br
