TALVEZ VER O CODIGO-FONTE DO CIFRADOR TENHA AJUDADO!
