PARABENS POR TER CONSEGUIDO DECIFRAR ESTE CODIGO!
